// Jest Snapshot v1, https://goo.gl/fbAQLP

exports[`Dialog renders the Dialog 1`] = `
<div
  aria-hidden="true"
/>
`;
