// Jest Snapshot v1, https://goo.gl/fbAQLP

exports[`Footer renders the Footer 1`] = `
<div>
  <div
    class="MuiBox-root css-38qcwg-footer"
  >
    @2023 Clinica Online
  </div>
</div>
`;
